{
    "homo_sapiens - [crispr_functional_counts, crispr_functional_library]": {
        "content": [
            {
                "0": [
                    [
                        {
                            "id": "test",
                            "single_end": false
                        },
                        "test_norm_table.tsv:md5,ba36e7e31a511ba4dadc888ea13f30e7"
                    ]
                ],
                "1": [
                    "versions.yml:md5,e954dc2bfa394dae2e55be2b1c16ae31"
                ],
                "norm_count_file": [
                    [
                        {
                            "id": "test",
                            "single_end": false
                        },
                        "test_norm_table.tsv:md5,ba36e7e31a511ba4dadc888ea13f30e7"
                    ]
                ],
                "versions": [
                    "versions.yml:md5,e954dc2bfa394dae2e55be2b1c16ae31"
                ]
            }
        ],
        "meta": {
            "nf-test": "0.9.0",
            "nextflow": "24.04.4"
        },
        "timestamp": "2024-08-30T07:15:50.114438385"
    },
    "homo_sapiens - [crispr_functional_counts, crispr_functional_library] - stub": {
        "content": [
            {
                "0": [
                    [
                        {
                            "id": "test",
                            "single_end": false
                        },
                        "test_norm_table.tsv:md5,d41d8cd98f00b204e9800998ecf8427e"
                    ]
                ],
                "1": [
                    "versions.yml:md5,d927535d45027d86be9f9348d5bca474"
                ],
                "norm_count_file": [
                    [
                        {
                            "id": "test",
                            "single_end": false
                        },
                        "test_norm_table.tsv:md5,d41d8cd98f00b204e9800998ecf8427e"
                    ]
                ],
                "versions": [
                    "versions.yml:md5,d927535d45027d86be9f9348d5bca474"
                ]
            }
        ],
        "meta": {
            "nf-test": "0.9.0",
            "nextflow": "24.04.4"
        },
        "timestamp": "2024-08-30T07:16:03.002248203"
    }
}