{
    "bacteroides_fragilis - illumina - single end": {
        "content": [
            {
                "0": [
                    
                ],
                "1": [
                    
                ],
                "2": [
                    
                ],
                "3": [
                    
                ],
                "gfa": [
                    
                ],
                "log": [
                    
                ],
                "scaffolds": [
                    
                ],
                "versions": [
                    
                ]
            }
        ],
        "meta": {
            "nf-test": "0.8.4",
            "nextflow": "23.10.1"
        },
        "timestamp": "2024-04-29T19:52:31.63386948"
    }
}