{
    "sarscov2 - [fastq_gz_1, fastq_gz_2]": {
        "content": [
            {
                "0": [
                    [
                        {
                            "id": "test"
                        },
                        "test.assembled.fastq.gz:md5,c66f0d68268d800a0ca9cd285fe62453"
                    ]
                ],
                "1": [
                    [
                        {
                            "id": "test"
                        },
                        "test.unassembled.forward.fastq.gz:md5,066b58ee61df35bd2b063a511ffd5d85",
                        "test.unassembled.reverse.fastq.gz:md5,ed35907306bdbd96d59144ddb16c951a"
                    ]
                ],
                "2": [
                    [
                        {
                            "id": "test"
                        },
                        "test.discarded.fastq.gz:md5,d41d8cd98f00b204e9800998ecf8427e"
                    ]
                ],
                "3": [
                    "versions.yml:md5,e43b94e38546fb17eb163c68abdc9b34"
                ],
                "assembled": [
                    [
                        {
                            "id": "test"
                        },
                        "test.assembled.fastq.gz:md5,c66f0d68268d800a0ca9cd285fe62453"
                    ]
                ],
                "discarded": [
                    [
                        {
                            "id": "test"
                        },
                        "test.discarded.fastq.gz:md5,d41d8cd98f00b204e9800998ecf8427e"
                    ]
                ],
                "unassembled": [
                    [
                        {
                            "id": "test"
                        },
                        "test.unassembled.forward.fastq.gz:md5,066b58ee61df35bd2b063a511ffd5d85",
                        "test.unassembled.reverse.fastq.gz:md5,ed35907306bdbd96d59144ddb16c951a"
                    ]
                ],
                "versions": [
                    "versions.yml:md5,e43b94e38546fb17eb163c68abdc9b34"
                ]
            }
        ],
        "meta": {
            "nf-test": "0.8.4",
            "nextflow": "24.04.1"
        },
        "timestamp": "2024-05-27T11:17:15.15657"
    }
}